// Jest Snapshot v1, https://goo.gl/fbAQLP

exports[`Signup should match snapshot 1`] = `
<div>
  <form
    className="form-wrapper"
    onSubmit={[Function]}
  >
    <div
      className="input-fields-row"
    >
      <label
        className="form__label"
        htmlFor="firstName"
      >
        <Input
          className="label__input-element"
          name="firstName"
          onChange={[Function]}
          placeholder="First Name"
          required={true}
          value=""
        />
        <span
          className="form__errors"
        />
      </label>
      <label
        className="form__label"
        htmlFor="lastName"
      >
        <Input
          className="label__input-element"
          name="lastName"
          onChange={[Function]}
          placeholder="Last Name"
          required={true}
          value=""
        />
        <span
          className="form__errors"
        />
      </label>
    </div>
    <div
      className="input-fields-row"
    >
      <label
        className="form__label"
        htmlFor="userName"
      >
        <Input
          className="label__input-element"
          name="userName"
          onChange={[Function]}
          placeholder="Username"
          required={true}
          type="text"
          value=""
        />
        <span
          className="form__errors"
        />
      </label>
      <label
        className="form__label"
        htmlFor="email"
      >
        <Input
          className="label__input-element"
          name="email"
          onChange={[Function]}
          placeholder="Email"
          required={true}
          value=""
        />
        <span
          className="form__errors"
        />
      </label>
    </div>
    <div
      className="input-fields-row"
    >
      <label
        className="form__label"
        htmlFor="password"
      >
        <Input
          className="label__input-element"
          name="password"
          onChange={[Function]}
          placeholder="Password"
          required={true}
          type="password"
          value=""
        />
        <span
          className="form__errors"
        />
      </label>
      <label
        className="form__label"
        htmlFor="password"
      >
        <Input
          className="label__input-element"
          name="confirmPassword"
          onChange={[Function]}
          placeholder="Confirm Password"
          required={true}
          type="password"
          value=""
        />
        <span
          className="form__errors"
          id="shwMessage"
        />
      </label>
    </div>
    <div
      className="btn-section"
    >
      <Button
        className="form__submit-btn"
        id=""
        text="Signup"
        type="submit"
      >
        Signup
      </Button>
    </div>
  </form>
</div>
`;
